sourceFormat:
    name: LCOV
    value: LCOV
root: mock/project/root
generatedAt: null
files: {  }
