sourceFormat:
    name: CLOVER
    value: CLOVER
root: mock/project/root
generatedAt: '2024-01-03T18:45:51+00:00'
files:
    - { fileName: 12/mock-file.ts, lines: [{ type: { name: STATEMENT, value: STATEMENT }, uniqueLineIdentifier: '25', lineNumber: 25, lineHits: 25 }, { type: { name: STATEMENT, value: STATEMENT }, uniqueLineIdentifier: '26', lineNumber: 26, lineHits: 40 }, { type: { name: STATEMENT, value: STATEMENT }, uniqueLineIdentifier: '27', lineNumber: 27, lineHits: 40 }, { type: { name: STATEMENT, value: STATEMENT }, uniqueLineIdentifier: '29', lineNumber: 29, lineHits: 40 }, { type: { name: STATEMENT, value: STATEMENT }, uniqueLineIdentifier: '31', lineNumber: 31, lineHits: 67 }, { type: { name: STATEMENT, value: STATEMENT }, uniqueLineIdentifier: '35', lineNumber: 35, lineHits: 40 }, { branchHits: [0, 2], type: { name: BRANCH, value: BRANCH }, uniqueLineIdentifier: '36', lineNumber: 36, lineHits: 40 }, { type: { name: STATEMENT, value: STATEMENT }, uniqueLineIdentifier: '37', lineNumber: 37, lineHits: 25 }, { type: { name: STATEMENT, value: STATEMENT }, uniqueLineIdentifier: '39', lineNumber: 39, lineHits: 25 }, { type: { name: STATEMENT, value: STATEMENT }, uniqueLineIdentifier: '42', lineNumber: 42, lineHits: 15 }, { type: { name: STATEMENT, value: STATEMENT }, uniqueLineIdentifier: '45', lineNumber: 45, lineHits: 15 }, { type: { name: STATEMENT, value: STATEMENT }, uniqueLineIdentifier: '58', lineNumber: 58, lineHits: 40 }, { branchHits: [0, 2], type: { name: BRANCH, value: BRANCH }, uniqueLineIdentifier: '70', lineNumber: 70, lineHits: 2280 }, { type: { name: STATEMENT, value: STATEMENT }, uniqueLineIdentifier: '72', lineNumber: 72, lineHits: 2280 }] }
    - { fileName: 11/mock-file.ts, lines: [{ type: { name: STATEMENT, value: STATEMENT }, uniqueLineIdentifier: '13', lineNumber: 13, lineHits: 25 }] }
    - { fileName: 10/mock-file.ts, lines: [{ type: { name: STATEMENT, value: STATEMENT }, uniqueLineIdentifier: '9', lineNumber: 9, lineHits: 5 }] }
    - { fileName: 9/mock-file.ts, lines: [{ type: { name: STATEMENT, value: STATEMENT }, uniqueLineIdentifier: '5', lineNumber: 5, lineHits: 25 }] }
    - { fileName: 8/mock-file.ts, lines: [{ type: { name: STATEMENT, value: STATEMENT }, uniqueLineIdentifier: '19', lineNumber: 19, lineHits: 3 }, { type: { name: STATEMENT, value: STATEMENT }, uniqueLineIdentifier: '24', lineNumber: 24, lineHits: 3 }, { type: { name: STATEMENT, value: STATEMENT }, uniqueLineIdentifier: '46', lineNumber: 46, lineHits: 3 }, { type: { name: STATEMENT, value: STATEMENT }, uniqueLineIdentifier: '47', lineNumber: 47, lineHits: 8 }, { type: { name: STATEMENT, value: STATEMENT }, uniqueLineIdentifier: '57', lineNumber: 57, lineHits: 3 }, { type: { name: STATEMENT, value: STATEMENT }, uniqueLineIdentifier: '58', lineNumber: 58, lineHits: 30 }, { type: { name: STATEMENT, value: STATEMENT }, uniqueLineIdentifier: '59', lineNumber: 59, lineHits: 30 }, { type: { name: STATEMENT, value: STATEMENT }, uniqueLineIdentifier: '60', lineNumber: 60, lineHits: 30 }, { type: { name: STATEMENT, value: STATEMENT }, uniqueLineIdentifier: '62', lineNumber: 62, lineHits: 30 }, { type: { name: STATEMENT, value: STATEMENT }, uniqueLineIdentifier: '74', lineNumber: 74, lineHits: 3 }, { type: { name: STATEMENT, value: STATEMENT }, uniqueLineIdentifier: '77', lineNumber: 77, lineHits: 0 }, { type: { name: STATEMENT, value: STATEMENT }, uniqueLineIdentifier: '79', lineNumber: 79, lineHits: 0 }, { type: { name: STATEMENT, value: STATEMENT }, uniqueLineIdentifier: '88', lineNumber: 88, lineHits: 3 }, { type: { name: STATEMENT, value: STATEMENT }, uniqueLineIdentifier: '89', lineNumber: 89, lineHits: 3 }, { type: { name: STATEMENT, value: STATEMENT }, uniqueLineIdentifier: '92', lineNumber: 92, lineHits: 3 }, { type: { name: STATEMENT, value: STATEMENT }, uniqueLineIdentifier: '93', lineNumber: 93, lineHits: 3 }, { type: { name: STATEMENT, value: STATEMENT }, uniqueLineIdentifier: '94', lineNumber: 94, lineHits: 3 }, { type: { name: STATEMENT, value: STATEMENT }, uniqueLineIdentifier: '96', lineNumber: 96, lineHits: 3 }, { type: { name: STATEMENT, value: STATEMENT }, uniqueLineIdentifier: '99', lineNumber: 99, lineHits: 5 }, { type: { name: STATEMENT, value: STATEMENT }, uniqueLineIdentifier: '101', lineNumber: 101, lineHits: 5 }, { type: { name: STATEMENT, value: STATEMENT }, uniqueLineIdentifier: '103', lineNumber: 103, lineHits: 5 }, { type: { name: STATEMENT, value: STATEMENT }, uniqueLineIdentifier: '104', lineNumber: 104, lineHits: 5 }, { type: { name: STATEMENT, value: STATEMENT }, uniqueLineIdentifier: '106', lineNumber: 106, lineHits: 5 }, { type: { name: STATEMENT, value: STATEMENT }, uniqueLineIdentifier: '129', lineNumber: 129, lineHits: 3 }, { type: { name: STATEMENT, value: STATEMENT }, uniqueLineIdentifier: '130', lineNumber: 130, lineHits: 3 }, { type: { name: STATEMENT, value: STATEMENT }, uniqueLineIdentifier: '132', lineNumber: 132, lineHits: 3 }, { branchHits: [2, 0], type: { name: BRANCH, value: BRANCH }, uniqueLineIdentifier: '134', lineNumber: 134, lineHits: 0 }, { type: { name: STATEMENT, value: STATEMENT }, uniqueLineIdentifier: '135', lineNumber: 135, lineHits: 0 }, { type: { name: STATEMENT, value: STATEMENT }, uniqueLineIdentifier: '139', lineNumber: 139, lineHits: 0 }, { type: { name: STATEMENT, value: STATEMENT }, uniqueLineIdentifier: '141', lineNumber: 141, lineHits: 0 }, { type: { name: STATEMENT, value: STATEMENT }, uniqueLineIdentifier: '142', lineNumber: 142, lineHits: 0 }, { type: { name: STATEMENT, value: STATEMENT }, uniqueLineIdentifier: '143', lineNumber: 143, lineHits: 0 }, { type: { name: STATEMENT, value: STATEMENT }, uniqueLineIdentifier: '145', lineNumber: 145, lineHits: 0 }, { type: { name: STATEMENT, value: STATEMENT }, uniqueLineIdentifier: '162', lineNumber: 162, lineHits: 0 }, { type: { name: STATEMENT, value: STATEMENT }, uniqueLineIdentifier: '164', lineNumber: 164, lineHits: 0 }, { type: { name: STATEMENT, value: STATEMENT }, uniqueLineIdentifier: '170', lineNumber: 170, lineHits: 3 }, { type: { name: STATEMENT, value: STATEMENT }, uniqueLineIdentifier: '171', lineNumber: 171, lineHits: 3 }] }
    - { fileName: 7/mock-file.ts, lines: [{ type: { name: STATEMENT, value: STATEMENT }, uniqueLineIdentifier: '17', lineNumber: 17, lineHits: 3 }, { type: { name: STATEMENT, value: STATEMENT }, uniqueLineIdentifier: '19', lineNumber: 19, lineHits: 3 }] }
    - { fileName: 6/mock-file.ts, lines: [{ type: { name: STATEMENT, value: STATEMENT }, uniqueLineIdentifier: '16', lineNumber: 16, lineHits: 2 }, { type: { name: STATEMENT, value: STATEMENT }, uniqueLineIdentifier: '17', lineNumber: 17, lineHits: 2 }] }
    - { fileName: 5/mock-file.ts, lines: {  } }
    - { fileName: 4/mock-file.ts, lines: [{ type: { name: STATEMENT, value: STATEMENT }, uniqueLineIdentifier: '5', lineNumber: 5, lineHits: 30 }, { type: { name: STATEMENT, value: STATEMENT }, uniqueLineIdentifier: '6', lineNumber: 6, lineHits: 860 }, { type: { name: STATEMENT, value: STATEMENT }, uniqueLineIdentifier: '8', lineNumber: 8, lineHits: 860 }] }
    - { fileName: 3/mock-file.ts, lines: [{ type: { name: STATEMENT, value: STATEMENT }, uniqueLineIdentifier: '7', lineNumber: 7, lineHits: 30 }, { type: { name: STATEMENT, value: STATEMENT }, uniqueLineIdentifier: '8', lineNumber: 8, lineHits: 2 }, { type: { name: STATEMENT, value: STATEMENT }, uniqueLineIdentifier: '13', lineNumber: 13, lineHits: 2 }] }
    - { fileName: 2/mock-file.ts, lines: [{ type: { name: STATEMENT, value: STATEMENT }, uniqueLineIdentifier: '4', lineNumber: 4, lineHits: 30 }] }
    - { fileName: 1/mock-file.ts, lines: {  } }
