SELECT
  *
FROM
  `mock-table`
WHERE
  commit = "mock-commit"
  AND provider = "github"