## Coverage Report
> Merging #12 will **not change** the total coverage (compared to mock-base-commit)

| Total Coverage | Diff Coverage |
| --- | --- |
| 100% | &oslash; |

<details>
<summary>Tags</summary>

| Tag | Lines | Covered | Partial | Uncovered | Coverage |
| --- | --- | --- | --- | --- | --- |
| mock-tag | 100 | 48 | 2 | 50 | 50% |
| mock-tag-2<br><sub>(Carried forward from mock-commit-2)</sub> | 2 | 0 | 0 | 2 | 0% |
</details>

<details>
<summary>Impacted Files</summary>

> No impacted files in #12
</details>

*Last update to mock-commit at 10:12am UTC*