50% of these branches are not covered by any tests.