## Coverage Report
> Merging #12 will **increase** the amount of untested code by `2 lines` (compared to mock-base-commit)

> [!WARNING]
> ** Consider additional tests:** There's `1 line` that is new and not tested!

| Total Coverage | Diff Coverage |
| --- | --- |
| 99% | 0% |

<details>
<summary>Tags</summary>

> No uploaded tags in #12</details>

<details>
<summary>Impacted Files</summary>

> No impacted files in #12
</details>

*Last update to mock-commit at 10:12am UTC*