## Coverage Report
> Merging #12 will **increase** the amount of untested code by `2 lines` (compared to mock-base-commit)

> [!WARNING]
> ** Consider additional tests:** There's `1 line` that is new and not tested!

| Total Coverage | Diff Coverage |
| --- | --- |
| 100% | 100% |

<details>
<summary>Tags</summary>

| Tag | Lines | Covered | Partial | Uncovered | Coverage |
| --- | --- | --- | --- | --- | --- |
| mock-tag | 100 | 48 | 2 | 50 | 50% |
| mock-tag-2<br><sub>(Carried forward from mock-commit-2)</sub> | 2 | 0 | 0 | 2 | 0% |
</details>

<details>
<summary>Impacted Files</summary>

| File | Diff Coverage |
| --- | --- |
| mock-file | 50% |
| mock-file-2 | 100% |
</details>

*Last update to mock-commit at 10:12am UTC*