Total Coverage: 83.2% (no change compared to mock-ba)