Total Coverage: 0% (no change compared to mock-ba)