<?xml version="1.0"?>
<svg xmlns="http://www.w3.org/2000/svg" width="112.51904296875" height="20">
  <linearGradient id="b" x2="0" y2="100%">
    <stop offset="0" stop-color="#bbb" stop-opacity=".1"/>
    <stop offset="1" stop-opacity=".1"/>
  </linearGradient>
  <mask id="a">
    <rect width="112.51904296875" height="20" rx="3" fill="#fff"/>
  </mask>
  <g mask="url(#a)">
    <rect width="83.068359375" height="20" fill="#555"/>
    <rect x="83.068359375" width="29.45068359375" height="20" fill="#ff0500"/>
    <rect width="112.51904296875" height="20" fill="url(#b)"/>
  </g>
  <g fill="#fff" text-anchor="middle" font-family="dejavu sans, Verdana, Geneva, sans-serif" font-size="11">
    <svg xmlns="http://www.w3.org/2000/svg" viewBox="0 0 187.19 219.94" x="5" y="2.5" width="15" height="15">
      <polygon points="122.58 138.75 64.61 138.75 64.61 145.59 122.58 145.59 122.58 138.75 122.58 138.75" style="fill:#d62a7e"/>
      <path d="M158.93,53.63a11.27,11.27,0,0,1,11.26,11.26V111a11.27,11.27,0,0,1-11.26,11.26H28.26A11.27,11.27,0,0,1,17,111V64.89A11.27,11.27,0,0,1,28.26,53.63H158.93m0-17H28.26A28.26,28.26,0,0,0,0,64.89V111a28.26,28.26,0,0,0,28.26,28.26H158.93A28.26,28.26,0,0,0,187.19,111V64.89a28.26,28.26,0,0,0-28.26-28.26Z" style="fill:#ffffff"/>
      <path d="M55.55,219.94V153.71h76.09v66.23" style="fill:none;stroke:#ffffff;stroke-miterlimit:10;stroke-width:17px"/>
      <path d="M60.33,82.48A5.47,5.47,0,1,1,54.86,88a5.47,5.47,0,0,1,5.47-5.47m0-6A11.47,11.47,0,1,0,71.8,88,11.47,11.47,0,0,0,60.33,76.48Z" style="fill:#ffffff"/>
      <path d="M128.58,82.48A5.47,5.47,0,1,1,123.11,88a5.48,5.48,0,0,1,5.47-5.47m0-6A11.47,11.47,0,1,0,140.06,88a11.48,11.48,0,0,0-11.48-11.47Z" style="fill:#ffffff"/>
      <path d="M93.59,6a5.78,5.78,0,1,1-5.77,5.77A5.78,5.78,0,0,1,93.59,6m0-6a11.78,11.78,0,1,0,11.78,11.77A11.77,11.77,0,0,0,93.59,0Z" style="fill:#ffffff"/>
      <polygon points="99.89 19.09 87.29 19.09 83.09 39.09 104.09 39.09 99.89 19.09 99.89 19.09" style="fill:#ffffff"/>
      <path d="M100.4,197.05l-5.77,9.07a1.22,1.22,0,0,1-2.07,0l-5.77-9.07a1.22,1.22,0,0,1-.2-.66V145a1.23,1.23,0,0,1,1.23-1.23H99.37a1.22,1.22,0,0,1,1.22,1.23v51.42A1.21,1.21,0,0,1,100.4,197.05Z" style="fill:#d62a7e"/>
    </svg>
    <text x="50.5341796875" y="15" fill="#010101" fill-opacity=".3">coverage</text>
    <text x="50.5341796875" y="14">coverage</text>
    <text x="96.793701171875" y="15" fill="#010101" fill-opacity=".3">1%</text>
    <text x="96.793701171875" y="14">1%</text>
  </g>
</svg>
