<?xml version="1.0"?>
<svg xmlns="http://www.w3.org/2000/svg" width="99.517578125" height="20">
  <linearGradient id="b" x2="0" y2="100%">
    <stop offset="0" stop-color="#bbb" stop-opacity=".1"/>
    <stop offset="1" stop-opacity=".1"/>
  </linearGradient>
  <mask id="a">
    <rect width="99.517578125" height="20" rx="3" fill="#fff"/>
  </mask>
  <g mask="url(#a)">
    <rect width="63.068359375" height="20" fill="#555"/>
    <rect x="63.068359375" width="36.44921875" height="20" fill="#05ff00"/>
    <rect width="99.517578125" height="20" fill="url(#b)"/>
  </g>
  <g fill="#fff" text-anchor="middle" font-family="dejavu sans, Verdana, Geneva, sans-serif" font-size="11">
    <text x="30.5341796875" y="15" fill="#010101" fill-opacity=".3">coverage</text>
    <text x="30.5341796875" y="14">coverage</text>
    <text x="80.29296875" y="15" fill="#010101" fill-opacity=".3">99%</text>
    <text x="80.29296875" y="14">99%</text>
  </g>
</svg>
