<?xml version="1.0"?>
<svg xmlns="http://www.w3.org/2000/svg" width="106.51611328125" height="20">
  <linearGradient id="b" x2="0" y2="100%">
    <stop offset="0" stop-color="#bbb" stop-opacity=".1"/>
    <stop offset="1" stop-opacity=".1"/>
  </linearGradient>
  <mask id="a">
    <rect width="106.51611328125" height="20" rx="3" fill="#fff"/>
  </mask>
  <g mask="url(#a)">
    <rect width="63.068359375" height="20" fill="#555"/>
    <rect x="63.068359375" width="43.44775390625" height="20" fill="#00ff00"/>
    <rect width="106.51611328125" height="20" fill="url(#b)"/>
  </g>
  <g fill="#fff" text-anchor="middle" font-family="dejavu sans, Verdana, Geneva, sans-serif" font-size="11">
    <text x="30.5341796875" y="15" fill="#010101" fill-opacity=".3">coverage</text>
    <text x="30.5341796875" y="14">coverage</text>
    <text x="83.792236328125" y="15" fill="#010101" fill-opacity=".3">100%</text>
    <text x="83.792236328125" y="14">100%</text>
  </g>
</svg>
