WITH
  availability AS (
    SELECT
      commit,
      tag,
      ARRAY_AGG(totalLines) as successfullyUploadedLines,
      ARRAY_AGG(
        STRING(ingestTime)
      ) as ingestTimes
    FROM
      `mock-table`
    WHERE
      provider = @PROVIDER
      AND owner = @OWNER
      AND repository = @REPOSITORY
    GROUP BY
      commit,
      tag
  )
SELECT
  availability.tag as tagName,
  ARRAY_AGG(
    STRUCT(
      commit as commit, tag as name, successfullyUploadedLines as successfullyUploadedLines,
      ingestTimes as ingestTimes
    )
  ) as carryforwardTags,
FROM
  availability
GROUP BY
  availability.tag