WITH
  unnested AS (
    SELECT
      upload.tag,
      upload.totalLines,
      upload.commit,
      fileName,
      lineNumber,
      TYPE = 'METHOD' AS containsMethod,
      TYPE = 'BRANCH' AS containsBranch,
      TYPE = 'STATEMENT' AS containsStatement,
      (
        SELECT
          IF (
            value <> '',
            CAST(value AS int),
            0
          )
        FROM
          UNNEST(metadata)
        WHERE
          KEY = "lineHits"
      ) AS hits,
      ARRAY(
        SELECT
          SUM(
            CAST(branchHits AS INT64)
          )
        FROM
          UNNEST(
            JSON_VALUE_ARRAY(
              (
                SELECT
                  value
                FROM
                  UNNEST(metadata)
                WHERE
                  KEY = "branchHits"
              )
            )
          ) AS branchHits
        WITH
          OFFSET AS branchIndex
        GROUP BY
          branchIndex,
          branchHits
      ) AS branchHits
    FROM
      `mock-table` AS upload
      INNER JOIN `mock-line-coverage-table` AS LINES ON LINES.uploadId = upload.uploadId
    WHERE
      (
        (
          1 = 1
          AND upload.provider = @PROVIDER
          AND upload.owner = @OWNER
          AND upload.repository = @REPOSITORY
          AND upload.commit = @COMMIT
          AND upload.uploadId IN UNNEST(@UPLOADS)
        )
        OR (
          (
            (
              upload.commit = "mock-commit"
              AND upload.tag = "1"
            )
            OR (
              upload.commit = "mock-commit"
              AND upload.tag = "2"
            )
            OR (
              upload.commit = "mock-commit-2"
              AND upload.tag = "3"
            )
            OR (
              upload.commit = "mock-commit-2"
              AND upload.tag = "4"
            )
          )
          AND upload.provider = @PROVIDER
          AND upload.owner = @OWNER
          AND upload.repository = @REPOSITORY
        )
      )
      AND DATE(LINES.ingestTime) IN UNNEST(@INGEST_PARTITIONS)
  ),
  branchingLines AS (
    SELECT
      fileName,
      lineNumber,
      tag,
      totalLines,
      COMMIT,
      MAX(containsMethod) AS containsMethod,
      MAX(containsBranch) AS containsBranch,
      MAX(containsStatement) AS containsStatement,
      SUM(hits) AS hits,
      branchIndex,
      SUM(branchHit) > 0 AS isBranchedLineHit
    FROM
      unnested,
      UNNEST(
        IF(
          ARRAY_LENGTH(branchHits) = 0,
          [hits],
          branchHits
        )
      ) AS branchHit
    WITH
      OFFSET AS branchIndex
    GROUP BY
      fileName,
      lineNumber,
      tag,
      totalLines,
      COMMIT,
      branchIndex
  ),
  LINES AS (
    SELECT
      tag,
      totalLines,
      COMMIT,
      fileName,
      lineNumber,
      IF(
        -- Check that the line hits are 0 (i.e. not executed) and that, if theres a branch, it's
        -- definitely not been covered at all (as we'll want to show that as a partial line)
        SUM(hits) = 0
        AND COUNTIF(
          containsBranch = TRUE
          AND isBranchedLineHit = TRUE
        ) = 0,
        "uncovered",
        IF (
          MIN(isBranchedLineHit) = false,
          "partial",
          "covered"
        )
      ) AS state
    FROM
      branchingLines
    GROUP BY
      tag,
      COMMIT,
      totalLines,
      fileName,
      lineNumber
  )
SELECT
  tag AS tagName,
  STRUCT(
    tag AS name, COMMIT AS COMMIT, [totalLines] AS successfullyUploadedLines
  ) AS tag,
  COUNT(*) AS LINES,
  COALESCE(
    SUM(
      IF(state = "covered", 1, 0)
    ),
    0
  ) AS covered,
  COALESCE(
    SUM(
      IF(state = "partial", 1, 0)
    ),
    0
  ) AS PARTIAL,
  COALESCE(
    SUM(
      IF(state = "uncovered", 1, 0)
    ),
    0
  ) AS uncovered,
  ROUND(
    (
      SUM(
        IF(state = "covered", 1, 0)
      ) + SUM(
        IF(state = "partial", 1, 0)
      )
    ) / COUNT(*) * 100,
    2
  ) AS coveragePercentage
FROM
  LINES
GROUP BY
  tagName,
  totalLines,
  COMMIT
ORDER BY
  tagName ASC