SELECT
  COALESCE(
    ARRAY_AGG(uploadId),
    []
  ) as successfulUploads,
  COALESCE(
    ARRAY_AGG(
      STRING(ingestTime)
    ),
    []
  ) as successfulIngestTimes,
  COALESCE(
    ARRAY_AGG(
      STRUCT(
        tag as name, [totalLines] as successfullyUploadedLines,
        @COMMIT as `commit`
      )
    ),
    []
  ) as successfulTags
FROM
  `mock-project-id.prod.mock-upload-table`
WHERE
  projectId = @PROJECT_ID
  AND commit = @COMMIT