SELECT
  DISTINCT tag as tagName
FROM
  `mock-table`
WHERE
  provider = @PROVIDER
  AND owner = @OWNER
  AND repository = @REPOSITORY