{
    "badge.default": {
        "path": "\/graph\/{provider}\/{owner}\/{repository}\/{ref}\/{type}",
        "requirements": {
            "type": "badge.svg",
            "_locale": "default"
        },
        "defaults": {
            "_format": "json",
            "ref": "main",
            "_controller": "App\\Controller\\GraphController::badge",
            "_locale": "default",
            "_canonical_route": "badge"
        },
        "methods": [
            "GET"
        ]
    },
    "badge.compat": {
        "path": "\/graph\/{provider}\/{owner}\/{repository}\/{type}",
        "requirements": {
            "type": "badge.svg",
            "_locale": "compat"
        },
        "defaults": {
            "_format": "json",
            "ref": "main",
            "_controller": "App\\Controller\\GraphController::badge",
            "_locale": "compat",
            "_canonical_route": "badge"
        },
        "methods": [
            "GET"
        ]
    },
    "health": {
        "path": "\/health",
        "requirements": [],
        "defaults": {
            "_format": "json",
            "_controller": "App\\Controller\\HealthController::health"
        },
        "methods": [
            "GET"
        ]
    },
    "upload": {
        "path": "\/upload",
        "requirements": [],
        "defaults": {
            "_format": "json",
            "_controller": "App\\Controller\\UploadController::handleUpload"
        },
        "methods": [
            "POST"
        ]
    },
    "webhook_event": {
        "path": "\/event\/{provider}",
        "requirements": {
            "provider": "github"
        },
        "defaults": {
            "_format": "json",
            "_controller": "App\\Controller\\WebhookController::handleWebhookEvent"
        },
        "methods": [
            "POST"
        ]
    }
}